
> edusy-core@0.1.0 build
> next build

Γû▓ Next.js 16.1.6 (Turbopack)
- Environments: .env

  Creating an optimized production build ...
Γ£ô Compiled successfully in 6.7s
  Running TypeScript ...
node.exe : Failed to compile.
At C:\Program Files\nodejs\npm.ps1:29 
char:3
+   & $NODE_EXE $NPM_CLI_JS $args
+   ~~~~~~~~~~~~~~~~~~~~~~~~~~~~~
    + CategoryInfo          : 
NotSpeci    fied: (Failed to 
compile.:String)     [], 
RemoteException
    + FullyQualifiedErrorId : 
NativeCo    mmandError
 

./testBaseAmount.ts:18:20
Type error: Property 
'studentAmountType' does not exist on 
type 'string | number | true | 
JsonObject | JsonArray'.
  Property 'studentAmountType' does 
not exist on type 'string'.

[0m [90m 16 |[39m         
 [90m 17 |[39m         
[36mlet[39m baseAmount [33m=[39m 
[35m0[39m[33m;[39m
[31m[1m>[22m[39m[90m 18 |[39m   
      [36mif[39m 
(config[33m.[39mstudentAmountType 
[33m===[39m [32m'flat'[39m) {
 [90m    |[39m                    
[31m[1m^[22m[39m
 [90m 19 |[39m             
baseAmount [33m=[39m 
config[33m.[39mamount [33m||[39m 
[35m0[39m[33m;[39m
 [90m 20 |[39m         } 
[36melse[39m [36mif[39m 
(config[33m.[39mstudentAmountType 
[33m===[39m [32m'per-class'[39m) {
 [90m 21 |[39m             
baseAmount [33m=[39m config[33m.[3
9mstudentClassAmounts[33m?[39m[33m.
[39m[sClassId] [33m||[39m 
config[33m.[39mamount [33m||[39m 
[35m0[39m[33m;[39m[0m
Next.js build worker exited with 
code: 1 and signal: null
