.next/dev/types/validator.ts(270,31): error TS2344: Type 'typeof import("F:/Edusy User flow/Edusy app/src/app/api/admin/groups/[id]/route")' does not satisfy the constraint 'RouteHandlerConfig<"/api/admin/groups/[id]">'.
  Types of property 'PATCH' are incompatible.
    Type '(req: Request, { params }: { params: { id: string; }; }) => Promise<NextResponse<{ id: string; name: string; order: number; classId: string; createdAt: Date; updatedAt: Date; }> | NextResponse<...>>' is not assignable to type '(request: NextRequest, context: { params: Promise<{ id: string; }>; }) => void | Response | Promise<void | Response>'.
      Types of parameters '__1' and 'context' are incompatible.
        Type '{ params: Promise<{ id: string; }>; }' is not assignable to type '{ params: { id: string; }; }'.
          Types of property 'params' are incompatible.
            Property 'id' is missing in type 'Promise<{ id: string; }>' but required in type '{ id: string; }'.
