src/components/TeacherAssignmentPanel.tsx(3,8): error TS1259: Module '"F:/Edusy User flow/Edusy app/node_modules/@types/react/index"' can only be default-imported using the 'esModuleInterop' flag
src/components/TeacherAssignmentPanel.tsx(39,28): error TS2307: Cannot find module '@/components/SessionProvider' or its corresponding type declarations.
src/components/TeacherAssignmentPanel.tsx(40,23): error TS6142: Module './UIProvider' was resolved to 'F:/Edusy User flow/Edusy app/src/components/UIProvider.tsx', but '--jsx' is not set.
src/components/TeacherAssignmentPanel.tsx(41,36): error TS6142: Module './AssignmentDetailsModal' was resolved to 'F:/Edusy User flow/Edusy app/src/components/AssignmentDetailsModal.tsx', but '--jsx' is not set.
src/components/TeacherAssignmentPanel.tsx(42,35): error TS6142: Module './AssignmentEditorPanel' was resolved to 'F:/Edusy User flow/Edusy app/src/components/AssignmentEditorPanel.tsx', but '--jsx' is not set.
src/components/TeacherAssignmentPanel.tsx(43,19): error TS6142: Module './Toast' was resolved to 'F:/Edusy User flow/Edusy app/src/components/Toast.tsx', but '--jsx' is not set.
src/components/TeacherAssignmentPanel.tsx(44,40): error TS6142: Module './ClassScheduleSettingsModal' was resolved to 'F:/Edusy User flow/Edusy app/src/components/ClassScheduleSettingsModal.tsx', but '--jsx' is not set.
src/components/TeacherAssignmentPanel.tsx(45,21): error TS6142: Module './Diary3D' was resolved to 'F:/Edusy User flow/Edusy app/src/components/Diary3D.tsx', but '--jsx' is not set.
src/components/TeacherAssignmentPanel.tsx(46,48): error TS6142: Module './InlineMarkdown' was resolved to 'F:/Edusy User flow/Edusy app/src/components/InlineMarkdown.tsx', but '--jsx' is not set.
src/components/TeacherAssignmentPanel.tsx(47,51): error TS6142: Module './RichTextEditor' was resolved to 'F:/Edusy User flow/Edusy app/src/components/RichTextEditor.tsx', but '--jsx' is not set.
src/components/TeacherAssignmentPanel.tsx(417,13): error TS17004: Cannot use JSX unless the '--jsx' flag is provided.
src/components/TeacherAssignmentPanel.tsx(418,17): error TS17004: Cannot use JSX unless the '--jsx' flag is provided.
src/components/TeacherAssignmentPanel.tsx(425,9): error TS17004: Cannot use JSX unless the '--jsx' flag is provided.
src/components/TeacherAssignmentPanel.tsx(427,13): error TS17004: Cannot use JSX unless the '--jsx' flag is provided.
src/components/TeacherAssignmentPanel.tsx(428,17): error TS17004: Cannot use JSX unless the '--jsx' flag is provided.
src/components/TeacherAssignmentPanel.tsx(429,21): error TS17004: Cannot use JSX unless the '--jsx' flag is provided.
src/components/TeacherAssignmentPanel.tsx(430,25): error TS17004: Cannot use JSX unless the '--jsx' flag is provided.
src/components/TeacherAssignmentPanel.tsx(433,21): error TS17004: Cannot use JSX unless the '--jsx' flag is provided.
src/components/TeacherAssignmentPanel.tsx(436,17): error TS17004: Cannot use JSX unless the '--jsx' flag is provided.
src/components/TeacherAssignmentPanel.tsx(437,21): error TS17004: Cannot use JSX unless the '--jsx' flag is provided.
src/components/TeacherAssignmentPanel.tsx(438,25): error TS17004: Cannot use JSX unless the '--jsx' flag is provided.
src/components/TeacherAssignmentPanel.tsx(444,25): error TS17004: Cannot use JSX unless the '--jsx' flag is provided.
src/components/TeacherAssignmentPanel.tsx(452,21): error TS17004: Cannot use JSX unless the '--jsx' flag is provided.
src/components/TeacherAssignmentPanel.tsx(453,25): error TS17004: Cannot use JSX unless the '--jsx' flag is provided.
src/components/TeacherAssignmentPanel.tsx(459,25): error TS17004: Cannot use JSX unless the '--jsx' flag is provided.
src/components/TeacherAssignmentPanel.tsx(470,13): error TS17004: Cannot use JSX unless the '--jsx' flag is provided.
src/components/TeacherAssignmentPanel.tsx(471,17): error TS17004: Cannot use JSX unless the '--jsx' flag is provided.
src/components/TeacherAssignmentPanel.tsx(472,21): error TS17004: Cannot use JSX unless the '--jsx' flag is provided.
src/components/TeacherAssignmentPanel.tsx(473,25): error TS17004: Cannot use JSX unless the '--jsx' flag is provided.
src/components/TeacherAssignmentPanel.tsx(474,25): error TS17004: Cannot use JSX unless the '--jsx' flag is provided.
src/components/TeacherAssignmentPanel.tsx(482,21): error TS17004: Cannot use JSX unless the '--jsx' flag is provided.
src/components/TeacherAssignmentPanel.tsx(484,21): error TS17004: Cannot use JSX unless the '--jsx' flag is provided.
src/components/TeacherAssignmentPanel.tsx(489,33): error TS17004: Cannot use JSX unless the '--jsx' flag is provided.
src/components/TeacherAssignmentPanel.tsx(495,37): error TS17004: Cannot use JSX unless the '--jsx' flag is provided.
src/components/TeacherAssignmentPanel.tsx(502,17): error TS17004: Cannot use JSX unless the '--jsx' flag is provided.
src/components/TeacherAssignmentPanel.tsx(503,21): error TS17004: Cannot use JSX unless the '--jsx' flag is provided.
src/components/TeacherAssignmentPanel.tsx(507,25): error TS17004: Cannot use JSX unless the '--jsx' flag is provided.
src/components/TeacherAssignmentPanel.tsx(509,21): error TS17004: Cannot use JSX unless the '--jsx' flag is provided.
src/components/TeacherAssignmentPanel.tsx(513,25): error TS17004: Cannot use JSX unless the '--jsx' flag is provided.
src/components/TeacherAssignmentPanel.tsx(520,17): error TS17004: Cannot use JSX unless the '--jsx' flag is provided.
src/components/TeacherAssignmentPanel.tsx(522,25): error TS17004: Cannot use JSX unless the '--jsx' flag is provided.
src/components/TeacherAssignmentPanel.tsx(523,29): error TS17004: Cannot use JSX unless the '--jsx' flag is provided.
src/components/TeacherAssignmentPanel.tsx(524,29): error TS17004: Cannot use JSX unless the '--jsx' flag is provided.
src/components/TeacherAssignmentPanel.tsx(525,33): error TS17004: Cannot use JSX unless the '--jsx' flag is provided.
src/components/TeacherAssignmentPanel.tsx(526,37): error TS17004: Cannot use JSX unless the '--jsx' flag is provided.
src/components/TeacherAssignmentPanel.tsx(528,33): error TS17004: Cannot use JSX unless the '--jsx' flag is provided.
src/components/TeacherAssignmentPanel.tsx(529,37): error TS17004: Cannot use JSX unless the '--jsx' flag is provided.
src/components/TeacherAssignmentPanel.tsx(530,37): error TS17004: Cannot use JSX unless the '--jsx' flag is provided.
src/components/TeacherAssignmentPanel.tsx(533,29): error TS17004: Cannot use JSX unless the '--jsx' flag is provided.
src/components/TeacherAssignmentPanel.tsx(538,52): error TS17004: Cannot use JSX unless the '--jsx' flag is provided.
src/components/TeacherAssignmentPanel.tsx(538,101): error TS17004: Cannot use JSX unless the '--jsx' flag is provided.
src/components/TeacherAssignmentPanel.tsx(544,21): error TS17004: Cannot use JSX unless the '--jsx' flag is provided.
src/components/TeacherAssignmentPanel.tsx(551,33): error TS17004: Cannot use JSX unless the '--jsx' flag is provided.
src/components/TeacherAssignmentPanel.tsx(559,37): error TS17004: Cannot use JSX unless the '--jsx' flag is provided.
src/components/TeacherAssignmentPanel.tsx(560,41): error TS17004: Cannot use JSX unless the '--jsx' flag is provided.
src/components/TeacherAssignmentPanel.tsx(561,45): error TS17004: Cannot use JSX unless the '--jsx' flag is provided.
src/components/TeacherAssignmentPanel.tsx(562,49): error TS17004: Cannot use JSX unless the '--jsx' flag is provided.
src/components/TeacherAssignmentPanel.tsx(563,49): error TS17004: Cannot use JSX unless the '--jsx' flag is provided.
src/components/TeacherAssignmentPanel.tsx(564,53): error TS17004: Cannot use JSX unless the '--jsx' flag is provided.
src/components/TeacherAssignmentPanel.tsx(565,53): error TS17004: Cannot use JSX unless the '--jsx' flag is provided.
src/components/TeacherAssignmentPanel.tsx(568,45): error TS17004: Cannot use JSX unless the '--jsx' flag is provided.
src/components/TeacherAssignmentPanel.tsx(569,49): error TS17004: Cannot use JSX unless the '--jsx' flag is provided.
src/components/TeacherAssignmentPanel.tsx(573,41): error TS17004: Cannot use JSX unless the '--jsx' flag is provided.
src/components/TeacherAssignmentPanel.tsx(574,45): error TS17004: Cannot use JSX unless the '--jsx' flag is provided.
src/components/TeacherAssignmentPanel.tsx(575,49): error TS17004: Cannot use JSX unless the '--jsx' flag is provided.
src/components/TeacherAssignmentPanel.tsx(576,49): error TS17004: Cannot use JSX unless the '--jsx' flag is provided.
src/components/TeacherAssignmentPanel.tsx(578,45): error TS17004: Cannot use JSX unless the '--jsx' flag is provided.
src/components/TeacherAssignmentPanel.tsx(579,49): error TS17004: Cannot use JSX unless the '--jsx' flag is provided.
src/components/TeacherAssignmentPanel.tsx(580,49): error TS17004: Cannot use JSX unless the '--jsx' flag is provided.
src/components/TeacherAssignmentPanel.tsx(584,41): error TS17004: Cannot use JSX unless the '--jsx' flag is provided.
src/components/TeacherAssignmentPanel.tsx(597,17): error TS17004: Cannot use JSX unless the '--jsx' flag is provided.
src/components/TeacherAssignmentPanel.tsx(598,21): error TS17004: Cannot use JSX unless the '--jsx' flag is provided.
src/components/TeacherAssignmentPanel.tsx(600,25): error TS17004: Cannot use JSX unless the '--jsx' flag is provided.
src/components/TeacherAssignmentPanel.tsx(601,29): error TS17004: Cannot use JSX unless the '--jsx' flag is provided.
src/components/TeacherAssignmentPanel.tsx(602,33): error TS17004: Cannot use JSX unless the '--jsx' flag is provided.
src/components/TeacherAssignmentPanel.tsx(602,189): error TS17004: Cannot use JSX unless the '--jsx' flag is provided.
src/components/TeacherAssignmentPanel.tsx(603,33): error TS17004: Cannot use JSX unless the '--jsx' flag is provided.
src/components/TeacherAssignmentPanel.tsx(604,37): error TS17004: Cannot use JSX unless the '--jsx' flag is provided.
src/components/TeacherAssignmentPanel.tsx(605,37): error TS17004: Cannot use JSX unless the '--jsx' flag is provided.
src/components/TeacherAssignmentPanel.tsx(608,29): error TS17004: Cannot use JSX unless the '--jsx' flag is provided.
src/components/TeacherAssignmentPanel.tsx(610,37): error TS17004: Cannot use JSX unless the '--jsx' flag is provided.
src/components/TeacherAssignmentPanel.tsx(611,87): error TS17004: Cannot use JSX unless the '--jsx' flag is provided.
src/components/TeacherAssignmentPanel.tsx(611,136): error TS17004: Cannot use JSX unless the '--jsx' flag is provided.
src/components/TeacherAssignmentPanel.tsx(615,33): error TS17004: Cannot use JSX unless the '--jsx' flag is provided.
src/components/TeacherAssignmentPanel.tsx(616,37): error TS17004: Cannot use JSX unless the '--jsx' flag is provided.
src/components/TeacherAssignmentPanel.tsx(621,25): error TS17004: Cannot use JSX unless the '--jsx' flag is provided.
src/components/TeacherAssignmentPanel.tsx(623,29): error TS17004: Cannot use JSX unless the '--jsx' flag is provided.
src/components/TeacherAssignmentPanel.tsx(624,33): error TS17004: Cannot use JSX unless the '--jsx' flag is provided.
src/components/TeacherAssignmentPanel.tsx(625,37): error TS17004: Cannot use JSX unless the '--jsx' flag is provided.
src/components/TeacherAssignmentPanel.tsx(626,41): error TS17004: Cannot use JSX unless the '--jsx' flag is provided.
src/components/TeacherAssignmentPanel.tsx(627,41): error TS17004: Cannot use JSX unless the '--jsx' flag is provided.
src/components/TeacherAssignmentPanel.tsx(629,37): error TS17004: Cannot use JSX unless the '--jsx' flag is provided.
src/components/TeacherAssignmentPanel.tsx(631,45): error TS17004: Cannot use JSX unless the '--jsx' flag is provided.
src/components/TeacherAssignmentPanel.tsx(635,33): error TS17004: Cannot use JSX unless the '--jsx' flag is provided.
src/components/TeacherAssignmentPanel.tsx(637,41): error TS17004: Cannot use JSX unless the '--jsx' flag is provided.
src/components/TeacherAssignmentPanel.tsx(638,45): error TS17004: Cannot use JSX unless the '--jsx' flag is provided.
src/components/TeacherAssignmentPanel.tsx(639,45): error TS17004: Cannot use JSX unless the '--jsx' flag is provided.
src/components/TeacherAssignmentPanel.tsx(639,72): error TS17004: Cannot use JSX unless the '--jsx' flag is provided.
src/components/TeacherAssignmentPanel.tsx(639,138): error TS17004: Cannot use JSX unless the '--jsx' flag is provided.
src/components/TeacherAssignmentPanel.tsx(646,29): error TS17004: Cannot use JSX unless the '--jsx' flag is provided.
src/components/TeacherAssignmentPanel.tsx(648,33): error TS17004: Cannot use JSX unless the '--jsx' flag is provided.
src/components/TeacherAssignmentPanel.tsx(650,41): error TS17004: Cannot use JSX unless the '--jsx' flag is provided.
src/components/TeacherAssignmentPanel.tsx(651,45): error TS17004: Cannot use JSX unless the '--jsx' flag is provided.
src/components/TeacherAssignmentPanel.tsx(657,33): error TS17004: Cannot use JSX unless the '--jsx' flag is provided.
src/components/TeacherAssignmentPanel.tsx(659,41): error TS17004: Cannot use JSX unless the '--jsx' flag is provided.
src/components/TeacherAssignmentPanel.tsx(660,45): error TS17004: Cannot use JSX unless the '--jsx' flag is provided.
src/components/TeacherAssignmentPanel.tsx(661,45): error TS17004: Cannot use JSX unless the '--jsx' flag is provided.
src/components/TeacherAssignmentPanel.tsx(664,41): error TS17004: Cannot use JSX unless the '--jsx' flag is provided.
src/components/TeacherAssignmentPanel.tsx(669,53): error TS17004: Cannot use JSX unless the '--jsx' flag is provided.
src/components/TeacherAssignmentPanel.tsx(670,57): error TS17004: Cannot use JSX unless the '--jsx' flag is provided.
src/components/TeacherAssignmentPanel.tsx(671,57): error TS17004: Cannot use JSX unless the '--jsx' flag is provided.
src/components/TeacherAssignmentPanel.tsx(673,65): error TS17004: Cannot use JSX unless the '--jsx' flag is provided.
src/components/TeacherAssignmentPanel.tsx(674,69): error TS17004: Cannot use JSX unless the '--jsx' flag is provided.
src/components/TeacherAssignmentPanel.tsx(674,93): error TS17004: Cannot use JSX unless the '--jsx' flag is provided.
src/components/TeacherAssignmentPanel.tsx(674,158): error TS17004: Cannot use JSX unless the '--jsx' flag is provided.
src/components/TeacherAssignmentPanel.tsx(674,228): error TS17004: Cannot use JSX unless the '--jsx' flag is provided.
src/components/TeacherAssignmentPanel.tsx(674,336): error TS17004: Cannot use JSX unless the '--jsx' flag is provided.
src/components/TeacherAssignmentPanel.tsx(675,69): error TS17004: Cannot use JSX unless the '--jsx' flag is provided.
src/components/TeacherAssignmentPanel.tsx(675,209): error TS17004: Cannot use JSX unless the '--jsx' flag is provided.
src/components/TeacherAssignmentPanel.tsx(687,33): error TS17004: Cannot use JSX unless the '--jsx' flag is provided.
src/components/TeacherAssignmentPanel.tsx(688,37): error TS17004: Cannot use JSX unless the '--jsx' flag is provided.
src/components/TeacherAssignmentPanel.tsx(689,41): error TS17004: Cannot use JSX unless the '--jsx' flag is provided.
src/components/TeacherAssignmentPanel.tsx(691,49): error TS17004: Cannot use JSX unless the '--jsx' flag is provided.
src/components/TeacherAssignmentPanel.tsx(694,41): error TS17004: Cannot use JSX unless the '--jsx' flag is provided.
src/components/TeacherAssignmentPanel.tsx(695,45): error TS17004: Cannot use JSX unless the '--jsx' flag is provided.
src/components/TeacherAssignmentPanel.tsx(696,45): error TS17004: Cannot use JSX unless the '--jsx' flag is provided.
src/components/TeacherAssignmentPanel.tsx(697,69): error TS17004: Cannot use JSX unless the '--jsx' flag is provided.
src/components/TeacherAssignmentPanel.tsx(697,118): error TS17004: Cannot use JSX unless the '--jsx' flag is provided.
src/components/TeacherAssignmentPanel.tsx(710,13): error TS17004: Cannot use JSX unless the '--jsx' flag is provided.
src/components/TeacherAssignmentPanel.tsx(711,36): error TS17004: Cannot use JSX unless the '--jsx' flag is provided.
src/components/TeacherAssignmentPanel.tsx(712,23): error TS17004: Cannot use JSX unless the '--jsx' flag is provided.
